Base path: 'G:/Program Files/2019.3.10f1/Editor/Data', plugins path 'G:/Program Files/2019.3.10f1/Editor/Data/PlaybackEngines'
Cmd: initializeCompiler
Cmd: preprocess
  insize=811 outsize=209 ok=1
Cmd: preprocess
  insize=811 outsize=209 ok=1
Cmd: preprocess
  insize=811 outsize=209 ok=1
Cmd: preprocess
  insize=811 outsize=209 ok=1
Cmd: preprocess
  insize=811 outsize=209 ok=1
Cmd: preprocess
  insize=811 outsize=209 ok=1
Cmd: preprocess
  insize=811 outsize=209 ok=1
Cmd: preprocess
  insize=811 outsize=209 ok=1
Cmd: preprocess
  insize=811 outsize=209 ok=1
Cmd: preprocess
  insize=811 outsize=209 ok=1
Cmd: preprocess
  insize=811 outsize=209 ok=1
Cmd: preprocess
  insize=811 outsize=209 ok=1
Cmd: preprocess
  insize=811 outsize=209 ok=1
Cmd: preprocess
  insize=811 outsize=209 ok=1
Cmd: preprocess
  insize=811 outsize=209 ok=1
Cmd: preprocess
  insize=811 outsize=209 ok=1
Cmd: preprocess
  insize=811 outsize=209 ok=1
Cmd: preprocess
  insize=811 outsize=209 ok=1
Cmd: preprocess
  insize=811 outsize=209 ok=1
Cmd: preprocess
  insize=811 outsize=209 ok=1
Cmd: preprocess
  insize=811 outsize=209 ok=1
Cmd: preprocess
  insize=811 outsize=209 ok=1
Cmd: preprocess
  insize=811 outsize=209 ok=1
Cmd: preprocess
  insize=811 outsize=209 ok=1
Cmd: preprocess
  insize=811 outsize=209 ok=1
Cmd: preprocess
  insize=811 outsize=209 ok=1
Cmd: preprocess
  insize=811 outsize=209 ok=1
Cmd: preprocess
  insize=811 outsize=209 ok=1
Cmd: preprocess
  insize=811 outsize=209 ok=1
Cmd: preprocess
  insize=811 outsize=209 ok=1
Cmd: preprocess
  insize=811 outsize=209 ok=1
Cmd: preprocess
  insize=811 outsize=209 ok=1
Cmd: preprocess
  insize=811 outsize=209 ok=1
Cmd: preprocess
  insize=811 outsize=209 ok=1
Cmd: preprocess
  insize=811 outsize=209 ok=1
Cmd: preprocess
  insize=811 outsize=209 ok=1
Cmd: preprocess
  insize=811 outsize=209 ok=1
Cmd: preprocess
  insize=811 outsize=209 ok=1
Cmd: preprocess
  insize=811 outsize=209 ok=1
Cmd: preprocess
  insize=5218 outsize=880 ok=1
Cmd: preprocess
  insize=13189 outsize=881 ok=1
Cmd: preprocess
  insize=3940 outsize=882 ok=1
Cmd: preprocess
  insize=4180 outsize=877 ok=1
Cmd: preprocess
  insize=4477 outsize=887 ok=1
Cmd: preprocess
  insize=6516 outsize=888 ok=1
Cmd: preprocess
  insize=4070 outsize=879 ok=1
Cmd: preprocess
  insize=12376 outsize=876 ok=1
Cmd: preprocess
  insize=10903 outsize=878 ok=1
Cmd: preprocess
  insize=8584 outsize=884 ok=1
Cmd: preprocess
  insize=12142 outsize=881 ok=1
Cmd: preprocess
  insize=4615 outsize=876 ok=1
Cmd: preprocess
  insize=8580 outsize=882 ok=1
Cmd: preprocess
  insize=4167 outsize=886 ok=1
Cmd: preprocess
  insize=46799 outsize=2292 ok=1
Cmd: preprocess
  insize=9422 outsize=881 ok=1
Cmd: preprocess
  insize=4070 outsize=880 ok=1
Cmd: preprocess
  insize=6516 outsize=888 ok=1
Cmd: preprocess
  insize=10145 outsize=881 ok=1
Cmd: preprocess
  insize=5778 outsize=878 ok=1
Cmd: preprocess
  insize=5048 outsize=879 ok=1
Cmd: preprocess
  insize=4057 outsize=879 ok=1
Cmd: preprocess
  insize=5364 outsize=880 ok=1
Cmd: preprocess
  insize=14951 outsize=881 ok=1
Cmd: preprocess
  insize=5040 outsize=885 ok=1

Quitting shader compiler process
